LOG 2025/03/11
Save Path: D:\java\GitHub\pornMagnetSpringBoot\_91pornyy\ffmpeg_and_SimpleG\Logs
Task Start: 2025/03/11 19:21:53
Task CommandLine: "D:\java\GitHub\pornMagnetSpringBoot\_91pornyy\ffmpeg_and_SimpleG\N_m3u8DL-CLI_v3.0.2.exe" "https://cdn2.jiuse3.cloud/hls/1030558/index.m3u8?t=1741692155&m=640HoMeeZeyERMLmDPbm8g" --saveName "index" 

19:21:53.279 / (NORMAL) 开始解析 https://cdn2.jiuse3.cloud/hls/1030558/index.m3u8?t=1741692155&m=640HoMeeZeyERMLmDPbm8g
19:21:56.319 / (NORMAL) 写出meta.json
19:21:56.399 / (NORMAL) 开始下载文件
19:21:56.404 / (NORMAL) 读取文件信息...
19:21:56.456 / (NORMAL) PID 0x100: Video h264, yuv420p(progressive), 720x404, 30 fps, 30 tbr, 90k tbn, 60 tbc
19:21:56.456 / (NORMAL) PID 0x101: Audio aac, 44100 Hz, stereo, fltp, 131 kb/s
19:21:56.482 / (NORMAL) 完成数量 87 of 82
19:21:56.482 / (NORMAL) 重试次数 1 / 15
19:21:59.497 / (NORMAL) 开始下载文件
19:21:59.499 / (NORMAL) 完成数量 89 of 82
19:21:59.499 / (NORMAL) 重试次数 2 / 15
19:22:02.509 / (NORMAL) 开始下载文件
19:22:05.610 / (ERROR) 另一个进程正在使用此文件，因此该进程无法访问此文件。
19:22:05.610 / (NORMAL) 完成数量 91 of 82
19:22:05.610 / (NORMAL) 重试次数 3 / 15
19:22:08.625 / (NORMAL) 开始下载文件
19:22:08.626 / (NORMAL) 完成数量 92 of 82
19:22:08.628 / (NORMAL) 重试次数 4 / 15
19:22:11.639 / (NORMAL) 开始下载文件
19:22:11.642 / (NORMAL) 完成数量 92 of 82
19:22:11.642 / (NORMAL) 重试次数 5 / 15
19:22:14.657 / (NORMAL) 开始下载文件
19:22:14.662 / (NORMAL) 完成数量 92 of 82
19:22:14.662 / (NORMAL) 重试次数 6 / 15
19:22:17.670 / (NORMAL) 开始下载文件
19:22:17.673 / (NORMAL) 完成数量 92 of 82
19:22:17.673 / (NORMAL) 重试次数 7 / 15
19:22:20.686 / (NORMAL) 开始下载文件
19:22:20.689 / (NORMAL) 完成数量 92 of 82
19:22:20.689 / (NORMAL) 重试次数 8 / 15
19:22:23.701 / (NORMAL) 开始下载文件
19:22:23.704 / (NORMAL) 完成数量 92 of 82
19:22:23.704 / (NORMAL) 重试次数 9 / 15
19:22:26.714 / (NORMAL) 开始下载文件
19:22:26.720 / (NORMAL) 完成数量 92 of 82
19:22:26.720 / (NORMAL) 重试次数 10 / 15
19:22:29.734 / (NORMAL) 开始下载文件
19:22:29.738 / (NORMAL) 完成数量 92 of 82
19:22:29.739 / (NORMAL) 重试次数 11 / 15
19:22:30.369 / (NORMAL) 强制退出: 强制

Task End: 2025/03/11 19:22:30
