LOG 2025/03/11
Save Path: D:\java\GitHub\pornMagnetSpringBoot\_91pornyy\ffmpeg_and_SimpleG\Logs
Task Start: 2025/03/11 19:23:39
Task CommandLine: "D:\java\GitHub\pornMagnetSpringBoot\_91pornyy\ffmpeg_and_SimpleG\N_m3u8DL-CLI_v3.0.2.exe" "https://cdn2.jiuse3.cloud/hls/1025635/index.m3u8?t=1741692265&m=AiVpLQwSL98dKk5c-y0JPA" --saveName "index" 

19:23:39.616 / (NORMAL) 开始解析 https://cdn2.jiuse3.cloud/hls/1025635/index.m3u8?t=1741692265&m=AiVpLQwSL98dKk5c-y0JPA
19:23:41.680 / (NORMAL) 写出meta.json
19:23:41.766 / (NORMAL) 开始下载文件
19:23:41.771 / (NORMAL) 读取文件信息...
19:23:41.821 / (NORMAL) PID 0x100: Video h264, yuv420p(progressive), 720x404, 30 fps, 30 tbr, 90k tbn, 60 tbc
19:23:41.822 / (NORMAL) PID 0x101: Audio aac, 44100 Hz, stereo, fltp, 131 kb/s
19:23:41.840 / (NORMAL) 完成数量 92 of 79
19:23:41.840 / (NORMAL) 重试次数 1 / 15
19:23:44.854 / (NORMAL) 开始下载文件
19:23:44.856 / (NORMAL) 完成数量 92 of 79
19:23:44.856 / (NORMAL) 重试次数 2 / 15
19:23:47.872 / (NORMAL) 开始下载文件
19:23:47.874 / (NORMAL) 完成数量 92 of 79
19:23:47.874 / (NORMAL) 重试次数 3 / 15
19:23:50.877 / (NORMAL) 开始下载文件
19:23:50.879 / (NORMAL) 完成数量 92 of 79
19:23:50.880 / (NORMAL) 重试次数 4 / 15
19:23:53.889 / (NORMAL) 开始下载文件
19:23:53.891 / (NORMAL) 完成数量 92 of 79
19:23:53.891 / (NORMAL) 重试次数 5 / 15
19:23:56.903 / (NORMAL) 开始下载文件
19:23:56.905 / (NORMAL) 完成数量 92 of 79
19:23:56.905 / (NORMAL) 重试次数 6 / 15
19:23:59.916 / (NORMAL) 开始下载文件
19:23:59.923 / (NORMAL) 完成数量 92 of 79
19:23:59.923 / (NORMAL) 重试次数 7 / 15
19:24:02.935 / (NORMAL) 开始下载文件
19:24:02.936 / (NORMAL) 完成数量 92 of 79
19:24:02.937 / (NORMAL) 重试次数 8 / 15
19:24:03.560 / (NORMAL) 强制退出: 强制

Task End: 2025/03/11 19:24:03
